// Vitest Snapshot v1, https://vitest.dev/guide/snapshot.html

exports[`SongTitle renders with only title 1`] = `
<div>
  <div
    class="text-center"
  >
    <h2
      class="mb-2 text-2xl font-bold"
    />
    <p
      class="text-sm text-accent"
    />
  </div>
</div>
`;

exports[`SongTitle renders with title and artist 1`] = `
<div>
  <div
    class="text-center"
  >
    <h2
      class="mb-2 text-2xl font-bold"
    />
    <p
      class="text-sm text-accent"
    />
  </div>
</div>
`;
